
> biobeats-frontend@0.1.0 build
> next build

  ▲ Next.js 14.2.3
  - Environments: .env.local

   Creating an optimized production build ...
   Disabled SWC as replacement for Babel because of custom Babel configuration "babel.config.js" https://nextjs.org/docs/messages/swc-disabled
   Using external babel configuration from C:\Users\lenovo\OneDrive\Desktop\Test SW\web-frontend\babel.config.js
Failed to compile.

./node_modules/next/dist/pages/_app.js
Error: Cannot find module 'babel-plugin-module-resolver'
Require stack:
- C:\Users\lenovo\OneDrive\Desktop\Test SW\web-frontend\node_modules\next\dist\compiled\babel\bundle.js
- C:\Users\lenovo\OneDrive\Desktop\Test SW\web-frontend\node_modules\next\dist\compiled\babel\code-frame.js
- C:\Users\lenovo\OneDrive\Desktop\Test SW\web-frontend\node_modules\next\dist\client\components\react-dev-overlay\server\shared.js
- C:\Users\lenovo\OneDrive\Desktop\Test SW\web-frontend\node_modules\next\dist\client\components\react-dev-overlay\server\middleware.js
- C:\Users\lenovo\OneDrive\Desktop\Test SW\web-frontend\node_modules\next\dist\build\webpack\plugins\wellknown-errors-plugin\parseNotFoundError.js
- C:\Users\lenovo\OneDrive\Desktop\Test SW\web-frontend\node_modules\next\dist\build\webpack\plugins\wellknown-errors-plugin\webpackModuleError.js
- C:\Users\lenovo\OneDrive\Desktop\Test SW\web-frontend\node_modules\next\dist\build\webpack\plugins\wellknown-errors-plugin\index.js
- C:\Users\lenovo\OneDrive\Desktop\Test SW\web-frontend\node_modules\next\dist\build\webpack-config.js
- C:\Users\lenovo\OneDrive\Desktop\Test SW\web-frontend\node_modules\next\dist\build\webpack-build\impl.js
- C:\Users\lenovo\OneDrive\Desktop\Test SW\web-frontend\node_modules\next\dist\compiled\jest-worker\processChild.js

Make sure that all the Babel plugins and presets you are using
are defined as dependencies or devDependencies in your package.json
file. It's possible that the missing plugin is loaded by a preset
you are using that forgot to add the plugin to its dependencies: you
can workaround this problem by explicitly adding the missing package
to your top-level package.json.

    at Module.<anonymous> (node:internal/modules/cjs/loader:1421:15)
    at C:\Users\lenovo\OneDrive\Desktop\Test SW\web-frontend\node_modules\next\dist\server\require-hook.js:55:36
    at resolve (node:internal/modules/helpers:163:19)
    at tryRequireResolve (C:\Users\lenovo\OneDrive\Desktop\Test SW\web-frontend\node_modules\next\dist\compiled\babel\bundle.js:1:111154)
    at resolveStandardizedNameForRequire (C:\Users\lenovo\OneDrive\Desktop\Test SW\web-frontend\node_modules\next\dist\compiled\babel\bundle.js:1:111506)
    at resolveStandardizedName (C:\Users\lenovo\OneDrive\Desktop\Test SW\web-frontend\node_modules\next\dist\compiled\babel\bundle.js:1:111912)
    at loadPlugin (C:\Users\lenovo\OneDrive\Desktop\Test SW\web-frontend\node_modules\next\dist\compiled\babel\bundle.js:1:109262)
    at loadPlugin.next (<anonymous>)
    at createDescriptor (C:\Users\lenovo\OneDrive\Desktop\Test SW\web-frontend\node_modules\next\dist\compiled\babel\bundle.js:1:94699)
    at createDescriptor.next (<anonymous>)

./node_modules/next/dist/pages/_document.js
Error: Cannot find module 'babel-plugin-module-resolver'
Require stack:
- C:\Users\lenovo\OneDrive\Desktop\Test SW\web-frontend\node_modules\next\dist\compiled\babel\bundle.js
- C:\Users\lenovo\OneDrive\Desktop\Test SW\web-frontend\node_modules\next\dist\compiled\babel\code-frame.js
- C:\Users\lenovo\OneDrive\Desktop\Test SW\web-frontend\node_modules\next\dist\client\components\react-dev-overlay\server\shared.js
- C:\Users\lenovo\OneDrive\Desktop\Test SW\web-frontend\node_modules\next\dist\client\components\react-dev-overlay\server\middleware.js
- C:\Users\lenovo\OneDrive\Desktop\Test SW\web-frontend\node_modules\next\dist\build\webpack\plugins\wellknown-errors-plugin\parseNotFoundError.js
- C:\Users\lenovo\OneDrive\Desktop\Test SW\web-frontend\node_modules\next\dist\build\webpack\plugins\wellknown-errors-plugin\webpackModuleError.js
- C:\Users\lenovo\OneDrive\Desktop\Test SW\web-frontend\node_modules\next\dist\build\webpack\plugins\wellknown-errors-plugin\index.js
- C:\Users\lenovo\OneDrive\Desktop\Test SW\web-frontend\node_modules\next\dist\build\webpack-config.js
- C:\Users\lenovo\OneDrive\Desktop\Test SW\web-frontend\node_modules\next\dist\build\webpack-build\impl.js
- C:\Users\lenovo\OneDrive\Desktop\Test SW\web-frontend\node_modules\next\dist\compiled\jest-worker\processChild.js

Make sure that all the Babel plugins and presets you are using
are defined as dependencies or devDependencies in your package.json
file. It's possible that the missing plugin is loaded by a preset
you are using that forgot to add the plugin to its dependencies: you
can workaround this problem by explicitly adding the missing package
to your top-level package.json.

    at Module.<anonymous> (node:internal/modules/cjs/loader:1421:15)
    at C:\Users\lenovo\OneDrive\Desktop\Test SW\web-frontend\node_modules\next\dist\server\require-hook.js:55:36
    at resolve (node:internal/modules/helpers:163:19)
    at tryRequireResolve (C:\Users\lenovo\OneDrive\Desktop\Test SW\web-frontend\node_modules\next\dist\compiled\babel\bundle.js:1:111154)
    at resolveStandardizedNameForRequire (C:\Users\lenovo\OneDrive\Desktop\Test SW\web-frontend\node_modules\next\dist\compiled\babel\bundle.js:1:111506)
    at resolveStandardizedName (C:\Users\lenovo\OneDrive\Desktop\Test SW\web-frontend\node_modules\next\dist\compiled\babel\bundle.js:1:111912)
    at loadPlugin (C:\Users\lenovo\OneDrive\Desktop\Test SW\web-frontend\node_modules\next\dist\compiled\babel\bundle.js:1:109262)
    at loadPlugin.next (<anonymous>)
    at createDescriptor (C:\Users\lenovo\OneDrive\Desktop\Test SW\web-frontend\node_modules\next\dist\compiled\babel\bundle.js:1:94699)
    at createDescriptor.next (<anonymous>)

./node_modules/next/dist/pages/_error.js
Error: Cannot find module 'babel-plugin-module-resolver'
Require stack:
- C:\Users\lenovo\OneDrive\Desktop\Test SW\web-frontend\node_modules\next\dist\compiled\babel\bundle.js
- C:\Users\lenovo\OneDrive\Desktop\Test SW\web-frontend\node_modules\next\dist\compiled\babel\code-frame.js
- C:\Users\lenovo\OneDrive\Desktop\Test SW\web-frontend\node_modules\next\dist\client\components\react-dev-overlay\server\shared.js
- C:\Users\lenovo\OneDrive\Desktop\Test SW\web-frontend\node_modules\next\dist\client\components\react-dev-overlay\server\middleware.js
- C:\Users\lenovo\OneDrive\Desktop\Test SW\web-frontend\node_modules\next\dist\build\webpack\plugins\wellknown-errors-plugin\parseNotFoundError.js
- C:\Users\lenovo\OneDrive\Desktop\Test SW\web-frontend\node_modules\next\dist\build\webpack\plugins\wellknown-errors-plugin\webpackModuleError.js
- C:\Users\lenovo\OneDrive\Desktop\Test SW\web-frontend\node_modules\next\dist\build\webpack\plugins\wellknown-errors-plugin\index.js
- C:\Users\lenovo\OneDrive\Desktop\Test SW\web-frontend\node_modules\next\dist\build\webpack-config.js
- C:\Users\lenovo\OneDrive\Desktop\Test SW\web-frontend\node_modules\next\dist\build\webpack-build\impl.js
- C:\Users\lenovo\OneDrive\Desktop\Test SW\web-frontend\node_modules\next\dist\compiled\jest-worker\processChild.js

Make sure that all the Babel plugins and presets you are using
are defined as dependencies or devDependencies in your package.json
file. It's possible that the missing plugin is loaded by a preset
you are using that forgot to add the plugin to its dependencies: you
can workaround this problem by explicitly adding the missing package
to your top-level package.json.

    at Module.<anonymous> (node:internal/modules/cjs/loader:1421:15)
    at C:\Users\lenovo\OneDrive\Desktop\Test SW\web-frontend\node_modules\next\dist\server\require-hook.js:55:36
    at resolve (node:internal/modules/helpers:163:19)
    at tryRequireResolve (C:\Users\lenovo\OneDrive\Desktop\Test SW\web-frontend\node_modules\next\dist\compiled\babel\bundle.js:1:111154)
    at resolveStandardizedNameForRequire (C:\Users\lenovo\OneDrive\Desktop\Test SW\web-frontend\node_modules\next\dist\compiled\babel\bundle.js:1:111506)
    at resolveStandardizedName (C:\Users\lenovo\OneDrive\Desktop\Test SW\web-frontend\node_modules\next\dist\compiled\babel\bundle.js:1:111912)
    at loadPlugin (C:\Users\lenovo\OneDrive\Desktop\Test SW\web-frontend\node_modules\next\dist\compiled\babel\bundle.js:1:109262)
    at loadPlugin.next (<anonymous>)
    at createDescriptor (C:\Users\lenovo\OneDrive\Desktop\Test SW\web-frontend\node_modules\next\dist\compiled\babel\bundle.js:1:94699)
    at createDescriptor.next (<anonymous>)

Import trace for requested module:
./node_modules/next/dist/pages/_error.js

./node_modules/next/dist/client/components/error-boundary.js
Error: Cannot find module 'babel-plugin-module-resolver'
Require stack:
- C:\Users\lenovo\OneDrive\Desktop\Test SW\web-frontend\node_modules\next\dist\compiled\babel\bundle.js
- C:\Users\lenovo\OneDrive\Desktop\Test SW\web-frontend\node_modules\next\dist\compiled\babel\code-frame.js
- C:\Users\lenovo\OneDrive\Desktop\Test SW\web-frontend\node_modules\next\dist\client\components\react-dev-overlay\server\shared.js
- C:\Users\lenovo\OneDrive\Desktop\Test SW\web-frontend\node_modules\next\dist\client\components\react-dev-overlay\server\middleware.js
- C:\Users\lenovo\OneDrive\Desktop\Test SW\web-frontend\node_modules\next\dist\build\webpack\plugins\wellknown-errors-plugin\parseNotFoundError.js
- C:\Users\lenovo\OneDrive\Desktop\Test SW\web-frontend\node_modules\next\dist\build\webpack\plugins\wellknown-errors-plugin\webpackModuleError.js
- C:\Users\lenovo\OneDrive\Desktop\Test SW\web-frontend\node_modules\next\dist\build\webpack\plugins\wellknown-errors-plugin\index.js
- C:\Users\lenovo\OneDrive\Desktop\Test SW\web-frontend\node_modules\next\dist\build\webpack-config.js
- C:\Users\lenovo\OneDrive\Desktop\Test SW\web-frontend\node_modules\next\dist\build\webpack-build\impl.js
- C:\Users\lenovo\OneDrive\Desktop\Test SW\web-frontend\node_modules\next\dist\compiled\jest-worker\processChild.js

Make sure that all the Babel plugins and presets you are using
are defined as dependencies or devDependencies in your package.json
file. It's possible that the missing plugin is loaded by a preset
you are using that forgot to add the plugin to its dependencies: you
can workaround this problem by explicitly adding the missing package
to your top-level package.json.

    at Module.<anonymous> (node:internal/modules/cjs/loader:1421:15)
    at C:\Users\lenovo\OneDrive\Desktop\Test SW\web-frontend\node_modules\next\dist\server\require-hook.js:55:36
    at resolve (node:internal/modules/helpers:163:19)
    at tryRequireResolve (C:\Users\lenovo\OneDrive\Desktop\Test SW\web-frontend\node_modules\next\dist\compiled\babel\bundle.js:1:111154)
    at resolveStandardizedNameForRequire (C:\Users\lenovo\OneDrive\Desktop\Test SW\web-frontend\node_modules\next\dist\compiled\babel\bundle.js:1:111506)
    at resolveStandardizedName (C:\Users\lenovo\OneDrive\Desktop\Test SW\web-frontend\node_modules\next\dist\compiled\babel\bundle.js:1:111912)
    at loadPlugin (C:\Users\lenovo\OneDrive\Desktop\Test SW\web-frontend\node_modules\next\dist\compiled\babel\bundle.js:1:109262)
    at loadPlugin.next (<anonymous>)
    at createDescriptor (C:\Users\lenovo\OneDrive\Desktop\Test SW\web-frontend\node_modules\next\dist\compiled\babel\bundle.js:1:94699)
    at createDescriptor.next (<anonymous>)

Import trace for requested module:
./node_modules/next/dist/client/components/error-boundary.js

./node_modules/next/dist/client/components/not-found-error.js
Error: Cannot find module 'babel-plugin-module-resolver'
Require stack:
- C:\Users\lenovo\OneDrive\Desktop\Test SW\web-frontend\node_modules\next\dist\compiled\babel\bundle.js
- C:\Users\lenovo\OneDrive\Desktop\Test SW\web-frontend\node_modules\next\dist\compiled\babel\code-frame.js
- C:\Users\lenovo\OneDrive\Desktop\Test SW\web-frontend\node_modules\next\dist\client\components\react-dev-overlay\server\shared.js
- C:\Users\lenovo\OneDrive\Desktop\Test SW\web-frontend\node_modules\next\dist\client\components\react-dev-overlay\server\middleware.js
- C:\Users\lenovo\OneDrive\Desktop\Test SW\web-frontend\node_modules\next\dist\build\webpack\plugins\wellknown-errors-plugin\parseNotFoundError.js
- C:\Users\lenovo\OneDrive\Desktop\Test SW\web-frontend\node_modules\next\dist\build\webpack\plugins\wellknown-errors-plugin\webpackModuleError.js
- C:\Users\lenovo\OneDrive\Desktop\Test SW\web-frontend\node_modules\next\dist\build\webpack\plugins\wellknown-errors-plugin\index.js
- C:\Users\lenovo\OneDrive\Desktop\Test SW\web-frontend\node_modules\next\dist\build\webpack-config.js
- C:\Users\lenovo\OneDrive\Desktop\Test SW\web-frontend\node_modules\next\dist\build\webpack-build\impl.js
- C:\Users\lenovo\OneDrive\Desktop\Test SW\web-frontend\node_modules\next\dist\compiled\jest-worker\processChild.js

Make sure that all the Babel plugins and presets you are using
are defined as dependencies or devDependencies in your package.json
file. It's possible that the missing plugin is loaded by a preset
you are using that forgot to add the plugin to its dependencies: you
can workaround this problem by explicitly adding the missing package
to your top-level package.json.

    at Module.<anonymous> (node:internal/modules/cjs/loader:1421:15)
    at C:\Users\lenovo\OneDrive\Desktop\Test SW\web-frontend\node_modules\next\dist\server\require-hook.js:55:36
    at resolve (node:internal/modules/helpers:163:19)
    at tryRequireResolve (C:\Users\lenovo\OneDrive\Desktop\Test SW\web-frontend\node_modules\next\dist\compiled\babel\bundle.js:1:111154)
    at resolveStandardizedNameForRequire (C:\Users\lenovo\OneDrive\Desktop\Test SW\web-frontend\node_modules\next\dist\compiled\babel\bundle.js:1:111506)
    at resolveStandardizedName (C:\Users\lenovo\OneDrive\Desktop\Test SW\web-frontend\node_modules\next\dist\compiled\babel\bundle.js:1:111912)
    at loadPlugin (C:\Users\lenovo\OneDrive\Desktop\Test SW\web-frontend\node_modules\next\dist\compiled\babel\bundle.js:1:109262)
    at loadPlugin.next (<anonymous>)
    at createDescriptor (C:\Users\lenovo\OneDrive\Desktop\Test SW\web-frontend\node_modules\next\dist\compiled\babel\bundle.js:1:94699)
    at createDescriptor.next (<anonymous>)

Import trace for requested module:
./node_modules/next/dist/client/components/not-found-error.js


> Build failed because of webpack errors
